
Subcircuit summary:
Circuit 1: sky130_fd_sc_hd__maj3_1         |Circuit 2: sky130_fd_sc_hd__maj3_1         
-------------------------------------------|-------------------------------------------
sky130_fd_pr__nfet_01v8 (7)                |sky130_fd_pr__nfet_01v8 (7)                
sky130_fd_pr__pfet_01v8_hvt (7)            |sky130_fd_pr__pfet_01v8_hvt (7)            
Number of devices: 14                      |Number of devices: 14                      
Number of nets: 15                         |Number of nets: 15                         
---------------------------------------------------------------------------------------
Circuits match uniquely.
Netlists match uniquely.

Subcircuit pins:
Circuit 1: sky130_fd_sc_hd__maj3_1         |Circuit 2: sky130_fd_sc_hd__maj3_1         
-------------------------------------------|-------------------------------------------
VPB                                        |VPB                                        
VNB                                        |VNB                                        
A                                          |A                                          
VPWR                                       |VPWR                                       
B                                          |B                                          
VGND                                       |VGND                                       
C                                          |C                                          
X                                          |X                                          
---------------------------------------------------------------------------------------
Cell pin lists are equivalent.
Device classes sky130_fd_sc_hd__maj3_1 and sky130_fd_sc_hd__maj3_1 are equivalent.
Circuits match uniquely.
