
==========================================================================
finish report_tns
--------------------------------------------------------------------------
tns max 0.00

==========================================================================
finish report_wns
--------------------------------------------------------------------------
wns max 0.00

==========================================================================
finish report_worst_slack
--------------------------------------------------------------------------
worst slack max 0.19

==========================================================================
finish report_clock_min_period
--------------------------------------------------------------------------
vclk period_min = 9.81 fmax = 101.98

==========================================================================
finish report_clock_skew
--------------------------------------------------------------------------
Clock vclk
No launch/capture paths found.


==========================================================================
finish report_checks -path_delay min
--------------------------------------------------------------------------
Startpoint: reg_op2[0] (input port clocked by vclk)
Endpoint: alu_out[0] (output port clocked by vclk)
Path Group: vclk
Path Type: min

Fanout     Cap    Slew   Delay    Time   Description
-----------------------------------------------------------------------------
                  0.00    0.00    0.00   clock vclk (rise edge)
                          0.00    0.00   clock network delay (ideal)
                          0.00    0.00 ^ input external delay
     1    0.00    0.05    0.00    0.00 ^ reg_op2[0] (in)
                                         reg_op2[0] (net)
                  0.05    0.00    0.00 ^ input33/A (sky130_fd_sc_hd__clkbuf_2)
     2    0.01    0.06    0.12    0.12 ^ input33/X (sky130_fd_sc_hd__clkbuf_2)
                                         net33 (net)
                  0.06    0.00    0.12 ^ place157/A (sky130_fd_sc_hd__buf_4)
     1    0.00    0.03    0.10    0.22 ^ place157/X (sky130_fd_sc_hd__buf_4)
                                         net157 (net)
                  0.03    0.00    0.22 ^ _144_/B (sky130_fd_sc_hd__xor2_1)
     1    0.00    0.03    0.05    0.27 v _144_/X (sky130_fd_sc_hd__xor2_1)
                                         net65 (net)
                  0.03    0.00    0.27 v output65/A (sky130_fd_sc_hd__clkdlybuf4s50_1)
     1    0.02    0.14    0.50    0.77 v output65/X (sky130_fd_sc_hd__clkdlybuf4s50_1)
                                         alu_out[0] (net)
                  0.14    0.00    0.77 v alu_out[0] (out)
                                  0.77   data arrival time

                  0.00    0.00    0.00   clock vclk (rise edge)
                          0.00    0.00   clock network delay (ideal)
                          0.00    0.00   clock reconvergence pessimism
                          0.00    0.00   output external delay
                                  0.00   data required time
-----------------------------------------------------------------------------
                                  0.00   data required time
                                 -0.77   data arrival time
-----------------------------------------------------------------------------
                                  0.77   slack (MET)



==========================================================================
finish report_checks -path_delay max
--------------------------------------------------------------------------
Startpoint: reg_op1[1] (input port clocked by vclk)
Endpoint: alu_out[31] (output port clocked by vclk)
Path Group: vclk
Path Type: max

Fanout     Cap    Slew   Delay    Time   Description
-----------------------------------------------------------------------------
                  0.00    0.00    0.00   clock vclk (rise edge)
                          0.00    0.00   clock network delay (ideal)
                          0.00    0.00 v input external delay
     1    0.01    0.05    0.00    0.00 v reg_op1[1] (in)
                                         reg_op1[1] (net)
                  0.05    0.00    0.00 v input12/A (sky130_fd_sc_hd__buf_8)
     2    0.01    0.03    0.12    0.12 v input12/X (sky130_fd_sc_hd__buf_8)
                                         net12 (net)
                  0.03    0.00    0.12 v _070_/A (sky130_fd_sc_hd__nor2_4)
     2    0.01    0.08    0.10    0.23 ^ _070_/Y (sky130_fd_sc_hd__nor2_4)
                                         _003_ (net)
                  0.08    0.00    0.23 ^ _072_/A1 (sky130_fd_sc_hd__o21ai_2)
     2    0.01    0.05    0.08    0.30 v _072_/Y (sky130_fd_sc_hd__o21ai_2)
                                         _005_ (net)
                  0.05    0.00    0.30 v _073_/B (sky130_fd_sc_hd__maj3_2)
     2    0.01    0.07    0.31    0.61 v _073_/X (sky130_fd_sc_hd__maj3_2)
                                         _006_ (net)
                  0.07    0.00    0.62 v _075_/A (sky130_fd_sc_hd__maj3_2)
     2    0.01    0.06    0.32    0.94 v _075_/X (sky130_fd_sc_hd__maj3_2)
                                         _008_ (net)
                  0.06    0.00    0.94 v _076_/B (sky130_fd_sc_hd__maj3_2)
     2    0.01    0.06    0.31    1.25 v _076_/X (sky130_fd_sc_hd__maj3_2)
                                         _009_ (net)
                  0.06    0.00    1.25 v _078_/A (sky130_fd_sc_hd__maj3_2)
     2    0.01    0.06    0.32    1.57 v _078_/X (sky130_fd_sc_hd__maj3_2)
                                         _011_ (net)
                  0.06    0.00    1.57 v _079_/A (sky130_fd_sc_hd__maj3_2)
     2    0.01    0.06    0.32    1.89 v _079_/X (sky130_fd_sc_hd__maj3_2)
                                         _012_ (net)
                  0.06    0.00    1.89 v _080_/B (sky130_fd_sc_hd__maj3_2)
     2    0.01    0.06    0.31    2.20 v _080_/X (sky130_fd_sc_hd__maj3_2)
                                         _013_ (net)
                  0.06    0.00    2.20 v _082_/B (sky130_fd_sc_hd__maj3_2)
     2    0.01    0.06    0.31    2.51 v _082_/X (sky130_fd_sc_hd__maj3_2)
                                         _015_ (net)
                  0.06    0.00    2.51 v _083_/A (sky130_fd_sc_hd__maj3_2)
     2    0.01    0.06    0.32    2.83 v _083_/X (sky130_fd_sc_hd__maj3_2)
                                         _016_ (net)
                  0.06    0.00    2.83 v _084_/B (sky130_fd_sc_hd__maj3_2)
     2    0.01    0.06    0.31    3.14 v _084_/X (sky130_fd_sc_hd__maj3_2)
                                         _017_ (net)
                  0.06    0.00    3.14 v _085_/A (sky130_fd_sc_hd__maj3_2)
     2    0.01    0.06    0.32    3.46 v _085_/X (sky130_fd_sc_hd__maj3_2)
                                         _018_ (net)
                  0.06    0.00    3.46 v _087_/B (sky130_fd_sc_hd__maj3_2)
     2    0.01    0.06    0.31    3.77 v _087_/X (sky130_fd_sc_hd__maj3_2)
                                         _020_ (net)
                  0.06    0.00    3.77 v _090_/A (sky130_fd_sc_hd__maj3_2)
     2    0.01    0.06    0.32    4.10 v _090_/X (sky130_fd_sc_hd__maj3_2)
                                         _022_ (net)
                  0.06    0.00    4.10 v _093_/A (sky130_fd_sc_hd__maj3_2)
     2    0.01    0.06    0.32    4.42 v _093_/X (sky130_fd_sc_hd__maj3_2)
                                         _024_ (net)
                  0.06    0.00    4.42 v _096_/A (sky130_fd_sc_hd__maj3_2)
     2    0.01    0.06    0.32    4.74 v _096_/X (sky130_fd_sc_hd__maj3_2)
                                         _026_ (net)
                  0.06    0.00    4.74 v _099_/B (sky130_fd_sc_hd__maj3_2)
     2    0.01    0.06    0.31    5.05 v _099_/X (sky130_fd_sc_hd__maj3_2)
                                         _028_ (net)
                  0.06    0.00    5.05 v _102_/A (sky130_fd_sc_hd__maj3_2)
     2    0.01    0.06    0.32    5.37 v _102_/X (sky130_fd_sc_hd__maj3_2)
                                         _030_ (net)
                  0.06    0.00    5.37 v _105_/A (sky130_fd_sc_hd__maj3_2)
     2    0.01    0.07    0.33    5.70 v _105_/X (sky130_fd_sc_hd__maj3_2)
                                         _032_ (net)
                  0.07    0.00    5.70 v _108_/A (sky130_fd_sc_hd__maj3_2)
     2    0.01    0.06    0.32    6.02 v _108_/X (sky130_fd_sc_hd__maj3_2)
                                         _034_ (net)
                  0.06    0.00    6.02 v _111_/B (sky130_fd_sc_hd__maj3_2)
     2    0.01    0.06    0.31    6.33 v _111_/X (sky130_fd_sc_hd__maj3_2)
                                         _036_ (net)
                  0.06    0.00    6.33 v _114_/B (sky130_fd_sc_hd__maj3_2)
     2    0.01    0.06    0.31    6.64 v _114_/X (sky130_fd_sc_hd__maj3_2)
                                         _038_ (net)
                  0.06    0.00    6.64 v _117_/A (sky130_fd_sc_hd__maj3_2)
     2    0.01    0.07    0.33    6.96 v _117_/X (sky130_fd_sc_hd__maj3_2)
                                         _040_ (net)
                  0.07    0.00    6.96 v _120_/A (sky130_fd_sc_hd__maj3_2)
     2    0.01    0.06    0.32    7.29 v _120_/X (sky130_fd_sc_hd__maj3_2)
                                         _042_ (net)
                  0.06    0.00    7.29 v _123_/A (sky130_fd_sc_hd__maj3_2)
     2    0.01    0.06    0.32    7.61 v _123_/X (sky130_fd_sc_hd__maj3_2)
                                         _044_ (net)
                  0.06    0.00    7.61 v _126_/B (sky130_fd_sc_hd__maj3_2)
     2    0.01    0.06    0.31    7.92 v _126_/X (sky130_fd_sc_hd__maj3_2)
                                         _046_ (net)
                  0.06    0.00    7.92 v _129_/A (sky130_fd_sc_hd__maj3_2)
     2    0.01    0.07    0.33    8.25 v _129_/X (sky130_fd_sc_hd__maj3_2)
                                         _048_ (net)
                  0.07    0.00    8.25 v _132_/A (sky130_fd_sc_hd__maj3_2)
     2    0.01    0.06    0.32    8.57 v _132_/X (sky130_fd_sc_hd__maj3_2)
                                         _050_ (net)
                  0.06    0.00    8.57 v _135_/B (sky130_fd_sc_hd__maj3_2)
     2    0.01    0.06    0.31    8.88 v _135_/X (sky130_fd_sc_hd__maj3_2)
                                         _052_ (net)
                  0.06    0.00    8.88 v _138_/B (sky130_fd_sc_hd__maj3_2)
     2    0.01    0.06    0.31    9.19 v _138_/X (sky130_fd_sc_hd__maj3_2)
                                         _054_ (net)
                  0.06    0.00    9.19 v _141_/B (sky130_fd_sc_hd__maj3_2)
     1    0.02    0.09    0.35    9.53 v _141_/X (sky130_fd_sc_hd__maj3_2)
                                         _056_ (net)
                  0.09    0.00    9.53 v _143_/B (sky130_fd_sc_hd__xnor2_4)
     1    0.00    0.08    0.14    9.67 v _143_/Y (sky130_fd_sc_hd__xnor2_4)
                                         net89 (net)
                  0.08    0.00    9.67 v output89/A (sky130_fd_sc_hd__buf_6)
     1    0.02    0.03    0.14    9.81 v output89/X (sky130_fd_sc_hd__buf_6)
                                         alu_out[31] (net)
                  0.03    0.00    9.81 v alu_out[31] (out)
                                  9.81   data arrival time

                  0.00   10.00   10.00   clock vclk (rise edge)
                          0.00   10.00   clock network delay (ideal)
                          0.00   10.00   clock reconvergence pessimism
                          0.00   10.00   output external delay
                                 10.00   data required time
-----------------------------------------------------------------------------
                                 10.00   data required time
                                 -9.81   data arrival time
-----------------------------------------------------------------------------
                                  0.19   slack (MET)



==========================================================================
finish report_checks -unconstrained
--------------------------------------------------------------------------
Startpoint: reg_op1[1] (input port clocked by vclk)
Endpoint: alu_out[31] (output port clocked by vclk)
Path Group: vclk
Path Type: max

Fanout     Cap    Slew   Delay    Time   Description
-----------------------------------------------------------------------------
                  0.00    0.00    0.00   clock vclk (rise edge)
                          0.00    0.00   clock network delay (ideal)
                          0.00    0.00 v input external delay
     1    0.01    0.05    0.00    0.00 v reg_op1[1] (in)
                                         reg_op1[1] (net)
                  0.05    0.00    0.00 v input12/A (sky130_fd_sc_hd__buf_8)
     2    0.01    0.03    0.12    0.12 v input12/X (sky130_fd_sc_hd__buf_8)
                                         net12 (net)
                  0.03    0.00    0.12 v _070_/A (sky130_fd_sc_hd__nor2_4)
     2    0.01    0.08    0.10    0.23 ^ _070_/Y (sky130_fd_sc_hd__nor2_4)
                                         _003_ (net)
                  0.08    0.00    0.23 ^ _072_/A1 (sky130_fd_sc_hd__o21ai_2)
     2    0.01    0.05    0.08    0.30 v _072_/Y (sky130_fd_sc_hd__o21ai_2)
                                         _005_ (net)
                  0.05    0.00    0.30 v _073_/B (sky130_fd_sc_hd__maj3_2)
     2    0.01    0.07    0.31    0.61 v _073_/X (sky130_fd_sc_hd__maj3_2)
                                         _006_ (net)
                  0.07    0.00    0.62 v _075_/A (sky130_fd_sc_hd__maj3_2)
     2    0.01    0.06    0.32    0.94 v _075_/X (sky130_fd_sc_hd__maj3_2)
                                         _008_ (net)
                  0.06    0.00    0.94 v _076_/B (sky130_fd_sc_hd__maj3_2)
     2    0.01    0.06    0.31    1.25 v _076_/X (sky130_fd_sc_hd__maj3_2)
                                         _009_ (net)
                  0.06    0.00    1.25 v _078_/A (sky130_fd_sc_hd__maj3_2)
     2    0.01    0.06    0.32    1.57 v _078_/X (sky130_fd_sc_hd__maj3_2)
                                         _011_ (net)
                  0.06    0.00    1.57 v _079_/A (sky130_fd_sc_hd__maj3_2)
     2    0.01    0.06    0.32    1.89 v _079_/X (sky130_fd_sc_hd__maj3_2)
                                         _012_ (net)
                  0.06    0.00    1.89 v _080_/B (sky130_fd_sc_hd__maj3_2)
     2    0.01    0.06    0.31    2.20 v _080_/X (sky130_fd_sc_hd__maj3_2)
                                         _013_ (net)
                  0.06    0.00    2.20 v _082_/B (sky130_fd_sc_hd__maj3_2)
     2    0.01    0.06    0.31    2.51 v _082_/X (sky130_fd_sc_hd__maj3_2)
                                         _015_ (net)
                  0.06    0.00    2.51 v _083_/A (sky130_fd_sc_hd__maj3_2)
     2    0.01    0.06    0.32    2.83 v _083_/X (sky130_fd_sc_hd__maj3_2)
                                         _016_ (net)
                  0.06    0.00    2.83 v _084_/B (sky130_fd_sc_hd__maj3_2)
     2    0.01    0.06    0.31    3.14 v _084_/X (sky130_fd_sc_hd__maj3_2)
                                         _017_ (net)
                  0.06    0.00    3.14 v _085_/A (sky130_fd_sc_hd__maj3_2)
     2    0.01    0.06    0.32    3.46 v _085_/X (sky130_fd_sc_hd__maj3_2)
                                         _018_ (net)
                  0.06    0.00    3.46 v _087_/B (sky130_fd_sc_hd__maj3_2)
     2    0.01    0.06    0.31    3.77 v _087_/X (sky130_fd_sc_hd__maj3_2)
                                         _020_ (net)
                  0.06    0.00    3.77 v _090_/A (sky130_fd_sc_hd__maj3_2)
     2    0.01    0.06    0.32    4.10 v _090_/X (sky130_fd_sc_hd__maj3_2)
                                         _022_ (net)
                  0.06    0.00    4.10 v _093_/A (sky130_fd_sc_hd__maj3_2)
     2    0.01    0.06    0.32    4.42 v _093_/X (sky130_fd_sc_hd__maj3_2)
                                         _024_ (net)
                  0.06    0.00    4.42 v _096_/A (sky130_fd_sc_hd__maj3_2)
     2    0.01    0.06    0.32    4.74 v _096_/X (sky130_fd_sc_hd__maj3_2)
                                         _026_ (net)
                  0.06    0.00    4.74 v _099_/B (sky130_fd_sc_hd__maj3_2)
     2    0.01    0.06    0.31    5.05 v _099_/X (sky130_fd_sc_hd__maj3_2)
                                         _028_ (net)
                  0.06    0.00    5.05 v _102_/A (sky130_fd_sc_hd__maj3_2)
     2    0.01    0.06    0.32    5.37 v _102_/X (sky130_fd_sc_hd__maj3_2)
                                         _030_ (net)
                  0.06    0.00    5.37 v _105_/A (sky130_fd_sc_hd__maj3_2)
     2    0.01    0.07    0.33    5.70 v _105_/X (sky130_fd_sc_hd__maj3_2)
                                         _032_ (net)
                  0.07    0.00    5.70 v _108_/A (sky130_fd_sc_hd__maj3_2)
     2    0.01    0.06    0.32    6.02 v _108_/X (sky130_fd_sc_hd__maj3_2)
                                         _034_ (net)
                  0.06    0.00    6.02 v _111_/B (sky130_fd_sc_hd__maj3_2)
     2    0.01    0.06    0.31    6.33 v _111_/X (sky130_fd_sc_hd__maj3_2)
                                         _036_ (net)
                  0.06    0.00    6.33 v _114_/B (sky130_fd_sc_hd__maj3_2)
     2    0.01    0.06    0.31    6.64 v _114_/X (sky130_fd_sc_hd__maj3_2)
                                         _038_ (net)
                  0.06    0.00    6.64 v _117_/A (sky130_fd_sc_hd__maj3_2)
     2    0.01    0.07    0.33    6.96 v _117_/X (sky130_fd_sc_hd__maj3_2)
                                         _040_ (net)
                  0.07    0.00    6.96 v _120_/A (sky130_fd_sc_hd__maj3_2)
     2    0.01    0.06    0.32    7.29 v _120_/X (sky130_fd_sc_hd__maj3_2)
                                         _042_ (net)
                  0.06    0.00    7.29 v _123_/A (sky130_fd_sc_hd__maj3_2)
     2    0.01    0.06    0.32    7.61 v _123_/X (sky130_fd_sc_hd__maj3_2)
                                         _044_ (net)
                  0.06    0.00    7.61 v _126_/B (sky130_fd_sc_hd__maj3_2)
     2    0.01    0.06    0.31    7.92 v _126_/X (sky130_fd_sc_hd__maj3_2)
                                         _046_ (net)
                  0.06    0.00    7.92 v _129_/A (sky130_fd_sc_hd__maj3_2)
     2    0.01    0.07    0.33    8.25 v _129_/X (sky130_fd_sc_hd__maj3_2)
                                         _048_ (net)
                  0.07    0.00    8.25 v _132_/A (sky130_fd_sc_hd__maj3_2)
     2    0.01    0.06    0.32    8.57 v _132_/X (sky130_fd_sc_hd__maj3_2)
                                         _050_ (net)
                  0.06    0.00    8.57 v _135_/B (sky130_fd_sc_hd__maj3_2)
     2    0.01    0.06    0.31    8.88 v _135_/X (sky130_fd_sc_hd__maj3_2)
                                         _052_ (net)
                  0.06    0.00    8.88 v _138_/B (sky130_fd_sc_hd__maj3_2)
     2    0.01    0.06    0.31    9.19 v _138_/X (sky130_fd_sc_hd__maj3_2)
                                         _054_ (net)
                  0.06    0.00    9.19 v _141_/B (sky130_fd_sc_hd__maj3_2)
     1    0.02    0.09    0.35    9.53 v _141_/X (sky130_fd_sc_hd__maj3_2)
                                         _056_ (net)
                  0.09    0.00    9.53 v _143_/B (sky130_fd_sc_hd__xnor2_4)
     1    0.00    0.08    0.14    9.67 v _143_/Y (sky130_fd_sc_hd__xnor2_4)
                                         net89 (net)
                  0.08    0.00    9.67 v output89/A (sky130_fd_sc_hd__buf_6)
     1    0.02    0.03    0.14    9.81 v output89/X (sky130_fd_sc_hd__buf_6)
                                         alu_out[31] (net)
                  0.03    0.00    9.81 v alu_out[31] (out)
                                  9.81   data arrival time

                  0.00   10.00   10.00   clock vclk (rise edge)
                          0.00   10.00   clock network delay (ideal)
                          0.00   10.00   clock reconvergence pessimism
                          0.00   10.00   output external delay
                                 10.00   data required time
-----------------------------------------------------------------------------
                                 10.00   data required time
                                 -9.81   data arrival time
-----------------------------------------------------------------------------
                                  0.19   slack (MET)



==========================================================================
finish report_check_types -max_slew -max_cap -max_fanout -violators
--------------------------------------------------------------------------

==========================================================================
finish max_slew_check_slack
--------------------------------------------------------------------------
1.0487022399902344

==========================================================================
finish max_slew_check_limit
--------------------------------------------------------------------------
1.4892979860305786

==========================================================================
finish max_slew_check_slack_limit
--------------------------------------------------------------------------
0.7042

==========================================================================
finish max_fanout_check_slack
--------------------------------------------------------------------------
1.0000000150474662e+30

==========================================================================
finish max_fanout_check_limit
--------------------------------------------------------------------------
1.0000000150474662e+30

==========================================================================
finish max_capacitance_check_slack
--------------------------------------------------------------------------
0.05045419558882713

==========================================================================
finish max_capacitance_check_limit
--------------------------------------------------------------------------
0.0695900022983551

==========================================================================
finish max_capacitance_check_slack_limit
--------------------------------------------------------------------------
0.7250

==========================================================================
finish max_slew_violation_count
--------------------------------------------------------------------------
max slew violation count 0

==========================================================================
finish max_fanout_violation_count
--------------------------------------------------------------------------
max fanout violation count 0

==========================================================================
finish max_cap_violation_count
--------------------------------------------------------------------------
max cap violation count 0

==========================================================================
finish setup_violation_count
--------------------------------------------------------------------------
setup violation count 0

==========================================================================
finish hold_violation_count
--------------------------------------------------------------------------
hold violation count 0

==========================================================================
finish critical path delay
--------------------------------------------------------------------------
9.8057

==========================================================================
finish critical path slack
--------------------------------------------------------------------------
0.1943

==========================================================================
finish slack div critical path delay
--------------------------------------------------------------------------
1.981501

==========================================================================
finish report_power
--------------------------------------------------------------------------
Group                  Internal  Switching    Leakage      Total
                          Power      Power      Power      Power (Watts)
----------------------------------------------------------------
Sequential             0.00e+00   0.00e+00   0.00e+00   0.00e+00   0.0%
Combinational          1.20e-04   7.11e-05   8.86e-10   1.91e-04 100.0%
Clock                  0.00e+00   0.00e+00   0.00e+00   0.00e+00   0.0%
Macro                  0.00e+00   0.00e+00   0.00e+00   0.00e+00   0.0%
Pad                    0.00e+00   0.00e+00   0.00e+00   0.00e+00   0.0%
----------------------------------------------------------------
Total                  1.20e-04   7.11e-05   8.86e-10   1.91e-04 100.0%
                          62.8%      37.2%       0.0%
