OpenSTA 3.1.0 6be0b1d7da Copyright (c) 2026, Parallax Software, Inc.
License GPLv3: GNU GPL version 3 <http://gnu.org/licenses/gpl.html>

This is free software, and you are free to change and redistribute it
under certain conditions; type `show_copying' for details. 
This program comes with ABSOLUTELY NO WARRANTY; for details type `show_warranty'.
Startpoint: reg_op1[1] (input port)
Endpoint: alu_out[31] (output port)
Path Group: unconstrained
Path Type: max

      Cap      Slew     Delay      Time   Description
-------------------------------------------------------------------------------
                       0.0000    0.0000 v input external delay
   0.0070    0.0500    0.0000    0.0000 v reg_op1[1] (in)
             0.0502    0.0001    0.0001 v input12/A (sky130_fd_sc_hd__buf_8)
   0.0140    0.0273    0.1216    0.1217 v input12/X (sky130_fd_sc_hd__buf_8)
             0.0273    0.0005    0.1221 v _070_/A (sky130_fd_sc_hd__nor2_4)
   0.0086    0.0836    0.1041    0.2262 ^ _070_/Y (sky130_fd_sc_hd__nor2_4)
             0.0836    0.0002    0.2264 ^ _072_/A1 (sky130_fd_sc_hd__o21ai_2)
   0.0083    0.0487    0.0779    0.3043 v _072_/Y (sky130_fd_sc_hd__o21ai_2)
             0.0487    0.0003    0.3046 v _073_/B (sky130_fd_sc_hd__maj3_2)
   0.0077    0.0663    0.3103    0.6149 v _073_/X (sky130_fd_sc_hd__maj3_2)
             0.0663    0.0003    0.6152 v _075_/A (sky130_fd_sc_hd__maj3_2)
   0.0062    0.0619    0.3213    0.9365 v _075_/X (sky130_fd_sc_hd__maj3_2)
             0.0619    0.0002    0.9367 v _076_/B (sky130_fd_sc_hd__maj3_2)
   0.0068    0.0636    0.3106    1.2472 v _076_/X (sky130_fd_sc_hd__maj3_2)
             0.0636    0.0001    1.2474 v _078_/A (sky130_fd_sc_hd__maj3_2)
   0.0064    0.0626    0.3211    1.5685 v _078_/X (sky130_fd_sc_hd__maj3_2)
             0.0626    0.0002    1.5687 v _079_/A (sky130_fd_sc_hd__maj3_2)
   0.0069    0.0639    0.3227    1.8914 v _079_/X (sky130_fd_sc_hd__maj3_2)
             0.0639    0.0003    1.8917 v _080_/B (sky130_fd_sc_hd__maj3_2)
   0.0059    0.0612    0.3073    2.1990 v _080_/X (sky130_fd_sc_hd__maj3_2)
             0.0612    0.0002    2.1991 v _082_/B (sky130_fd_sc_hd__maj3_2)
   0.0063    0.0623    0.3082    2.5074 v _082_/X (sky130_fd_sc_hd__maj3_2)
             0.0623    0.0002    2.5075 v _083_/A (sky130_fd_sc_hd__maj3_2)
   0.0068    0.0638    0.3224    2.8300 v _083_/X (sky130_fd_sc_hd__maj3_2)
             0.0638    0.0002    2.8302 v _084_/B (sky130_fd_sc_hd__maj3_2)
   0.0064    0.0625    0.3094    3.1396 v _084_/X (sky130_fd_sc_hd__maj3_2)
             0.0625    0.0001    3.1397 v _085_/A (sky130_fd_sc_hd__maj3_2)
   0.0065    0.0627    0.3209    3.4606 v _085_/X (sky130_fd_sc_hd__maj3_2)
             0.0627    0.0001    3.4607 v _087_/B (sky130_fd_sc_hd__maj3_2)
   0.0068    0.0637    0.3109    3.7716 v _087_/X (sky130_fd_sc_hd__maj3_2)
             0.0637    0.0002    3.7718 v _090_/A (sky130_fd_sc_hd__maj3_2)
   0.0070    0.0643    0.3237    4.0955 v _090_/X (sky130_fd_sc_hd__maj3_2)
             0.0643    0.0002    4.0957 v _093_/A (sky130_fd_sc_hd__maj3_2)
   0.0070    0.0642    0.3238    4.4195 v _093_/X (sky130_fd_sc_hd__maj3_2)
             0.0642    0.0002    4.4197 v _096_/A (sky130_fd_sc_hd__maj3_2)
   0.0064    0.0625    0.3214    4.7410 v _096_/X (sky130_fd_sc_hd__maj3_2)
             0.0625    0.0002    4.7412 v _099_/B (sky130_fd_sc_hd__maj3_2)
   0.0068    0.0636    0.3108    5.0520 v _099_/X (sky130_fd_sc_hd__maj3_2)
             0.0636    0.0002    5.0522 v _102_/A (sky130_fd_sc_hd__maj3_2)
   0.0061    0.0619    0.3201    5.3723 v _102_/X (sky130_fd_sc_hd__maj3_2)
             0.0619    0.0002    5.3724 v _105_/A (sky130_fd_sc_hd__maj3_2)
   0.0080    0.0675    0.3271    5.6996 v _105_/X (sky130_fd_sc_hd__maj3_2)
             0.0675    0.0003    5.6999 v _108_/A (sky130_fd_sc_hd__maj3_2)
   0.0065    0.0627    0.3229    6.0228 v _108_/X (sky130_fd_sc_hd__maj3_2)
             0.0627    0.0002    6.0230 v _111_/B (sky130_fd_sc_hd__maj3_2)
   0.0060    0.0613    0.3070    6.3300 v _111_/X (sky130_fd_sc_hd__maj3_2)
             0.0613    0.0001    6.3302 v _114_/B (sky130_fd_sc_hd__maj3_2)
   0.0061    0.0615    0.3070    6.6371 v _114_/X (sky130_fd_sc_hd__maj3_2)
             0.0615    0.0001    6.6372 v _117_/A (sky130_fd_sc_hd__maj3_2)
   0.0081    0.0677    0.3274    6.9646 v _117_/X (sky130_fd_sc_hd__maj3_2)
             0.0677    0.0003    6.9649 v _120_/A (sky130_fd_sc_hd__maj3_2)
   0.0069    0.0639    0.3248    7.2897 v _120_/X (sky130_fd_sc_hd__maj3_2)
             0.0639    0.0002    7.2899 v _123_/A (sky130_fd_sc_hd__maj3_2)
   0.0068    0.0636    0.3227    7.6126 v _123_/X (sky130_fd_sc_hd__maj3_2)
             0.0636    0.0002    7.6128 v _126_/B (sky130_fd_sc_hd__maj3_2)
   0.0062    0.0620    0.3085    7.9213 v _126_/X (sky130_fd_sc_hd__maj3_2)
             0.0620    0.0002    7.9215 v _129_/A (sky130_fd_sc_hd__maj3_2)
   0.0076    0.0662    0.3255    8.2470 v _129_/X (sky130_fd_sc_hd__maj3_2)
             0.0662    0.0002    8.2473 v _132_/A (sky130_fd_sc_hd__maj3_2)
   0.0066    0.0632    0.3231    8.5704 v _132_/X (sky130_fd_sc_hd__maj3_2)
             0.0632    0.0001    8.5705 v _135_/B (sky130_fd_sc_hd__maj3_2)
   0.0061    0.0617    0.3078    8.8783 v _135_/X (sky130_fd_sc_hd__maj3_2)
             0.0617    0.0002    8.8785 v _138_/B (sky130_fd_sc_hd__maj3_2)
   0.0061    0.0618    0.3075    9.1860 v _138_/X (sky130_fd_sc_hd__maj3_2)
             0.0618    0.0002    9.1861 v _141_/B (sky130_fd_sc_hd__maj3_2)
   0.0160    0.0888    0.3466    9.5327 v _141_/X (sky130_fd_sc_hd__maj3_2)
             0.0888    0.0005    9.5332 v _143_/B (sky130_fd_sc_hd__xnor2_4)
   0.0048    0.0791    0.1355    9.6687 v _143_/Y (sky130_fd_sc_hd__xnor2_4)
             0.0791    0.0001    9.6688 v output89/A (sky130_fd_sc_hd__buf_6)
   0.0155    0.0298    0.1365    9.8053 v output89/X (sky130_fd_sc_hd__buf_6)
             0.0299    0.0004    9.8057 v alu_out[31] (out)
                                 9.8057   data arrival time
-------------------------------------------------------------------------------
(Path is unconstrained)


Startpoint: reg_op2[0] (input port)
Endpoint: alu_out[0] (output port)
Path Group: unconstrained
Path Type: min

    Delay      Time   Description
-------------------------------------------------------------
   0.0000    0.0000 ^ input external delay
   0.0000    0.0000 ^ reg_op2[0] (in)
   0.1184    0.1184 ^ input33/X (sky130_fd_sc_hd__clkbuf_2)
   0.1031    0.2215 ^ place157/X (sky130_fd_sc_hd__buf_4)
   0.0474    0.2689 v _144_/X (sky130_fd_sc_hd__xor2_1)
   0.5029    0.7718 v output65/X (sky130_fd_sc_hd__clkdlybuf4s50_1)
   0.0005    0.7723 v alu_out[0] (out)
             0.7723   data arrival time
-------------------------------------------------------------
(Path is unconstrained)


