
==========================================================================
finish report_tns
--------------------------------------------------------------------------
tns max -0.06

==========================================================================
finish report_wns
--------------------------------------------------------------------------
wns max -0.06

==========================================================================
finish report_worst_slack
--------------------------------------------------------------------------
worst slack max -0.06

==========================================================================
finish report_clock_min_period
--------------------------------------------------------------------------
vclk period_min = 10.06 fmax = 99.41

==========================================================================
finish report_clock_skew
--------------------------------------------------------------------------
Clock vclk
No launch/capture paths found.


==========================================================================
finish report_checks -path_delay min
--------------------------------------------------------------------------
Startpoint: reg_op2[0] (input port clocked by vclk)
Endpoint: alu_out[0] (output port clocked by vclk)
Path Group: vclk
Path Type: min

Fanout     Cap    Slew   Delay    Time   Description
-----------------------------------------------------------------------------
                  0.00    0.00    0.00   clock vclk (rise edge)
                          0.00    0.00   clock network delay (ideal)
                          0.00    0.00 ^ input external delay
     2    0.01    0.05    0.00    0.00 ^ reg_op2[0] (in)
                                         reg_op2[0] (net)
                  0.05    0.00    0.00 ^ _144_/B (sky130_fd_sc_hd__xor2_1)
     1    0.02    0.08    0.12    0.12 v _144_/X (sky130_fd_sc_hd__xor2_1)
                                         alu_out[0] (net)
                  0.08    0.00    0.12 v alu_out[0] (out)
                                  0.12   data arrival time

                  0.00    0.00    0.00   clock vclk (rise edge)
                          0.00    0.00   clock network delay (ideal)
                          0.00    0.00   clock reconvergence pessimism
                          0.00    0.00   output external delay
                                  0.00   data required time
-----------------------------------------------------------------------------
                                  0.00   data required time
                                 -0.12   data arrival time
-----------------------------------------------------------------------------
                                  0.12   slack (MET)



==========================================================================
finish report_checks -path_delay max
--------------------------------------------------------------------------
Startpoint: reg_op1[1] (input port clocked by vclk)
Endpoint: alu_out[31] (output port clocked by vclk)
Path Group: vclk
Path Type: max

Fanout     Cap    Slew   Delay    Time   Description
-----------------------------------------------------------------------------
                  0.00    0.00    0.00   clock vclk (rise edge)
                          0.00    0.00   clock network delay (ideal)
                          0.00    0.00 v input external delay
     2    0.01    0.05    0.00    0.00 v reg_op1[1] (in)
                                         reg_op1[1] (net)
                  0.05    0.00    0.00 v _070_/A (sky130_fd_sc_hd__nor2_2)
     2    0.01    0.09    0.12    0.12 ^ _070_/Y (sky130_fd_sc_hd__nor2_2)
                                         _003_ (net)
                  0.09    0.00    0.12 ^ _072_/A2 (sky130_fd_sc_hd__o21ai_1)
     2    0.01    0.09    0.10    0.22 v _072_/Y (sky130_fd_sc_hd__o21ai_1)
                                         _005_ (net)
                  0.09    0.00    0.22 v _073_/C (sky130_fd_sc_hd__maj3_2)
     2    0.01    0.07    0.34    0.56 v _073_/X (sky130_fd_sc_hd__maj3_2)
                                         _006_ (net)
                  0.07    0.00    0.56 v _075_/C (sky130_fd_sc_hd__maj3_2)
     2    0.01    0.06    0.32    0.88 v _075_/X (sky130_fd_sc_hd__maj3_2)
                                         _008_ (net)
                  0.06    0.00    0.88 v _076_/C (sky130_fd_sc_hd__maj3_2)
     2    0.01    0.06    0.32    1.20 v _076_/X (sky130_fd_sc_hd__maj3_2)
                                         _009_ (net)
                  0.06    0.00    1.20 v _078_/C (sky130_fd_sc_hd__maj3_2)
     2    0.01    0.06    0.32    1.53 v _078_/X (sky130_fd_sc_hd__maj3_2)
                                         _011_ (net)
                  0.06    0.00    1.53 v _079_/C (sky130_fd_sc_hd__maj3_2)
     2    0.01    0.07    0.33    1.86 v _079_/X (sky130_fd_sc_hd__maj3_2)
                                         _012_ (net)
                  0.07    0.00    1.86 v _080_/C (sky130_fd_sc_hd__maj3_2)
     2    0.01    0.07    0.34    2.20 v _080_/X (sky130_fd_sc_hd__maj3_2)
                                         _013_ (net)
                  0.07    0.00    2.20 v _082_/C (sky130_fd_sc_hd__maj3_2)
     2    0.01    0.08    0.34    2.54 v _082_/X (sky130_fd_sc_hd__maj3_2)
                                         _015_ (net)
                  0.08    0.00    2.54 v _083_/C (sky130_fd_sc_hd__maj3_2)
     2    0.01    0.06    0.33    2.87 v _083_/X (sky130_fd_sc_hd__maj3_2)
                                         _016_ (net)
                  0.06    0.00    2.87 v _084_/C (sky130_fd_sc_hd__maj3_2)
     2    0.01    0.07    0.33    3.20 v _084_/X (sky130_fd_sc_hd__maj3_2)
                                         _017_ (net)
                  0.07    0.00    3.20 v _085_/C (sky130_fd_sc_hd__maj3_2)
     2    0.01    0.07    0.33    3.52 v _085_/X (sky130_fd_sc_hd__maj3_2)
                                         _018_ (net)
                  0.07    0.00    3.52 v _087_/C (sky130_fd_sc_hd__maj3_2)
     2    0.01    0.07    0.33    3.85 v _087_/X (sky130_fd_sc_hd__maj3_2)
                                         _020_ (net)
                  0.07    0.00    3.85 v _090_/C (sky130_fd_sc_hd__maj3_2)
     2    0.01    0.08    0.34    4.19 v _090_/X (sky130_fd_sc_hd__maj3_2)
                                         _022_ (net)
                  0.08    0.00    4.19 v _093_/C (sky130_fd_sc_hd__maj3_2)
     2    0.01    0.06    0.33    4.52 v _093_/X (sky130_fd_sc_hd__maj3_2)
                                         _024_ (net)
                  0.07    0.00    4.52 v _096_/C (sky130_fd_sc_hd__maj3_2)
     2    0.01    0.06    0.32    4.84 v _096_/X (sky130_fd_sc_hd__maj3_2)
                                         _026_ (net)
                  0.06    0.00    4.84 v _099_/C (sky130_fd_sc_hd__maj3_2)
     2    0.01    0.08    0.35    5.19 v _099_/X (sky130_fd_sc_hd__maj3_2)
                                         _028_ (net)
                  0.08    0.00    5.19 v _102_/C (sky130_fd_sc_hd__maj3_2)
     2    0.01    0.06    0.33    5.52 v _102_/X (sky130_fd_sc_hd__maj3_2)
                                         _030_ (net)
                  0.06    0.00    5.52 v _105_/C (sky130_fd_sc_hd__maj3_2)
     2    0.01    0.07    0.32    5.85 v _105_/X (sky130_fd_sc_hd__maj3_2)
                                         _032_ (net)
                  0.07    0.00    5.85 v _108_/C (sky130_fd_sc_hd__maj3_2)
     2    0.01    0.07    0.33    6.18 v _108_/X (sky130_fd_sc_hd__maj3_2)
                                         _034_ (net)
                  0.07    0.00    6.18 v _111_/C (sky130_fd_sc_hd__maj3_2)
     2    0.01    0.07    0.33    6.51 v _111_/X (sky130_fd_sc_hd__maj3_2)
                                         _036_ (net)
                  0.07    0.00    6.51 v _114_/C (sky130_fd_sc_hd__maj3_2)
     2    0.01    0.06    0.32    6.84 v _114_/X (sky130_fd_sc_hd__maj3_2)
                                         _038_ (net)
                  0.06    0.00    6.84 v _117_/C (sky130_fd_sc_hd__maj3_2)
     2    0.01    0.06    0.32    7.16 v _117_/X (sky130_fd_sc_hd__maj3_2)
                                         _040_ (net)
                  0.06    0.00    7.16 v _120_/C (sky130_fd_sc_hd__maj3_2)
     2    0.01    0.07    0.33    7.49 v _120_/X (sky130_fd_sc_hd__maj3_2)
                                         _042_ (net)
                  0.07    0.00    7.49 v _123_/C (sky130_fd_sc_hd__maj3_2)
     2    0.01    0.07    0.33    7.83 v _123_/X (sky130_fd_sc_hd__maj3_2)
                                         _044_ (net)
                  0.07    0.00    7.83 v _126_/C (sky130_fd_sc_hd__maj3_2)
     2    0.01    0.07    0.33    8.16 v _126_/X (sky130_fd_sc_hd__maj3_2)
                                         _046_ (net)
                  0.07    0.00    8.16 v _129_/C (sky130_fd_sc_hd__maj3_2)
     2    0.01    0.06    0.33    8.48 v _129_/X (sky130_fd_sc_hd__maj3_2)
                                         _048_ (net)
                  0.06    0.00    8.48 v _132_/C (sky130_fd_sc_hd__maj3_2)
     2    0.01    0.07    0.33    8.82 v _132_/X (sky130_fd_sc_hd__maj3_2)
                                         _050_ (net)
                  0.07    0.00    8.82 v _135_/C (sky130_fd_sc_hd__maj3_2)
     2    0.01    0.07    0.33    9.15 v _135_/X (sky130_fd_sc_hd__maj3_2)
                                         _052_ (net)
                  0.07    0.00    9.15 v _138_/C (sky130_fd_sc_hd__maj3_2)
     2    0.01    0.06    0.33    9.48 v _138_/X (sky130_fd_sc_hd__maj3_2)
                                         _054_ (net)
                  0.06    0.00    9.48 v _141_/C (sky130_fd_sc_hd__maj3_2)
     1    0.01    0.07    0.33    9.81 v _141_/X (sky130_fd_sc_hd__maj3_2)
                                         _056_ (net)
                  0.07    0.00    9.81 v _143_/A (sky130_fd_sc_hd__xnor2_2)
     1    0.02    0.23    0.25   10.06 ^ _143_/Y (sky130_fd_sc_hd__xnor2_2)
                                         alu_out[31] (net)
                  0.23    0.00   10.06 ^ alu_out[31] (out)
                                 10.06   data arrival time

                  0.00   10.00   10.00   clock vclk (rise edge)
                          0.00   10.00   clock network delay (ideal)
                          0.00   10.00   clock reconvergence pessimism
                          0.00   10.00   output external delay
                                 10.00   data required time
-----------------------------------------------------------------------------
                                 10.00   data required time
                                -10.06   data arrival time
-----------------------------------------------------------------------------
                                 -0.06   slack (VIOLATED)



==========================================================================
finish report_checks -unconstrained
--------------------------------------------------------------------------
Startpoint: reg_op1[1] (input port clocked by vclk)
Endpoint: alu_out[31] (output port clocked by vclk)
Path Group: vclk
Path Type: max

Fanout     Cap    Slew   Delay    Time   Description
-----------------------------------------------------------------------------
                  0.00    0.00    0.00   clock vclk (rise edge)
                          0.00    0.00   clock network delay (ideal)
                          0.00    0.00 v input external delay
     2    0.01    0.05    0.00    0.00 v reg_op1[1] (in)
                                         reg_op1[1] (net)
                  0.05    0.00    0.00 v _070_/A (sky130_fd_sc_hd__nor2_2)
     2    0.01    0.09    0.12    0.12 ^ _070_/Y (sky130_fd_sc_hd__nor2_2)
                                         _003_ (net)
                  0.09    0.00    0.12 ^ _072_/A2 (sky130_fd_sc_hd__o21ai_1)
     2    0.01    0.09    0.10    0.22 v _072_/Y (sky130_fd_sc_hd__o21ai_1)
                                         _005_ (net)
                  0.09    0.00    0.22 v _073_/C (sky130_fd_sc_hd__maj3_2)
     2    0.01    0.07    0.34    0.56 v _073_/X (sky130_fd_sc_hd__maj3_2)
                                         _006_ (net)
                  0.07    0.00    0.56 v _075_/C (sky130_fd_sc_hd__maj3_2)
     2    0.01    0.06    0.32    0.88 v _075_/X (sky130_fd_sc_hd__maj3_2)
                                         _008_ (net)
                  0.06    0.00    0.88 v _076_/C (sky130_fd_sc_hd__maj3_2)
     2    0.01    0.06    0.32    1.20 v _076_/X (sky130_fd_sc_hd__maj3_2)
                                         _009_ (net)
                  0.06    0.00    1.20 v _078_/C (sky130_fd_sc_hd__maj3_2)
     2    0.01    0.06    0.32    1.53 v _078_/X (sky130_fd_sc_hd__maj3_2)
                                         _011_ (net)
                  0.06    0.00    1.53 v _079_/C (sky130_fd_sc_hd__maj3_2)
     2    0.01    0.07    0.33    1.86 v _079_/X (sky130_fd_sc_hd__maj3_2)
                                         _012_ (net)
                  0.07    0.00    1.86 v _080_/C (sky130_fd_sc_hd__maj3_2)
     2    0.01    0.07    0.34    2.20 v _080_/X (sky130_fd_sc_hd__maj3_2)
                                         _013_ (net)
                  0.07    0.00    2.20 v _082_/C (sky130_fd_sc_hd__maj3_2)
     2    0.01    0.08    0.34    2.54 v _082_/X (sky130_fd_sc_hd__maj3_2)
                                         _015_ (net)
                  0.08    0.00    2.54 v _083_/C (sky130_fd_sc_hd__maj3_2)
     2    0.01    0.06    0.33    2.87 v _083_/X (sky130_fd_sc_hd__maj3_2)
                                         _016_ (net)
                  0.06    0.00    2.87 v _084_/C (sky130_fd_sc_hd__maj3_2)
     2    0.01    0.07    0.33    3.20 v _084_/X (sky130_fd_sc_hd__maj3_2)
                                         _017_ (net)
                  0.07    0.00    3.20 v _085_/C (sky130_fd_sc_hd__maj3_2)
     2    0.01    0.07    0.33    3.52 v _085_/X (sky130_fd_sc_hd__maj3_2)
                                         _018_ (net)
                  0.07    0.00    3.52 v _087_/C (sky130_fd_sc_hd__maj3_2)
     2    0.01    0.07    0.33    3.85 v _087_/X (sky130_fd_sc_hd__maj3_2)
                                         _020_ (net)
                  0.07    0.00    3.85 v _090_/C (sky130_fd_sc_hd__maj3_2)
     2    0.01    0.08    0.34    4.19 v _090_/X (sky130_fd_sc_hd__maj3_2)
                                         _022_ (net)
                  0.08    0.00    4.19 v _093_/C (sky130_fd_sc_hd__maj3_2)
     2    0.01    0.06    0.33    4.52 v _093_/X (sky130_fd_sc_hd__maj3_2)
                                         _024_ (net)
                  0.07    0.00    4.52 v _096_/C (sky130_fd_sc_hd__maj3_2)
     2    0.01    0.06    0.32    4.84 v _096_/X (sky130_fd_sc_hd__maj3_2)
                                         _026_ (net)
                  0.06    0.00    4.84 v _099_/C (sky130_fd_sc_hd__maj3_2)
     2    0.01    0.08    0.35    5.19 v _099_/X (sky130_fd_sc_hd__maj3_2)
                                         _028_ (net)
                  0.08    0.00    5.19 v _102_/C (sky130_fd_sc_hd__maj3_2)
     2    0.01    0.06    0.33    5.52 v _102_/X (sky130_fd_sc_hd__maj3_2)
                                         _030_ (net)
                  0.06    0.00    5.52 v _105_/C (sky130_fd_sc_hd__maj3_2)
     2    0.01    0.07    0.32    5.85 v _105_/X (sky130_fd_sc_hd__maj3_2)
                                         _032_ (net)
                  0.07    0.00    5.85 v _108_/C (sky130_fd_sc_hd__maj3_2)
     2    0.01    0.07    0.33    6.18 v _108_/X (sky130_fd_sc_hd__maj3_2)
                                         _034_ (net)
                  0.07    0.00    6.18 v _111_/C (sky130_fd_sc_hd__maj3_2)
     2    0.01    0.07    0.33    6.51 v _111_/X (sky130_fd_sc_hd__maj3_2)
                                         _036_ (net)
                  0.07    0.00    6.51 v _114_/C (sky130_fd_sc_hd__maj3_2)
     2    0.01    0.06    0.32    6.84 v _114_/X (sky130_fd_sc_hd__maj3_2)
                                         _038_ (net)
                  0.06    0.00    6.84 v _117_/C (sky130_fd_sc_hd__maj3_2)
     2    0.01    0.06    0.32    7.16 v _117_/X (sky130_fd_sc_hd__maj3_2)
                                         _040_ (net)
                  0.06    0.00    7.16 v _120_/C (sky130_fd_sc_hd__maj3_2)
     2    0.01    0.07    0.33    7.49 v _120_/X (sky130_fd_sc_hd__maj3_2)
                                         _042_ (net)
                  0.07    0.00    7.49 v _123_/C (sky130_fd_sc_hd__maj3_2)
     2    0.01    0.07    0.33    7.83 v _123_/X (sky130_fd_sc_hd__maj3_2)
                                         _044_ (net)
                  0.07    0.00    7.83 v _126_/C (sky130_fd_sc_hd__maj3_2)
     2    0.01    0.07    0.33    8.16 v _126_/X (sky130_fd_sc_hd__maj3_2)
                                         _046_ (net)
                  0.07    0.00    8.16 v _129_/C (sky130_fd_sc_hd__maj3_2)
     2    0.01    0.06    0.33    8.48 v _129_/X (sky130_fd_sc_hd__maj3_2)
                                         _048_ (net)
                  0.06    0.00    8.48 v _132_/C (sky130_fd_sc_hd__maj3_2)
     2    0.01    0.07    0.33    8.82 v _132_/X (sky130_fd_sc_hd__maj3_2)
                                         _050_ (net)
                  0.07    0.00    8.82 v _135_/C (sky130_fd_sc_hd__maj3_2)
     2    0.01    0.07    0.33    9.15 v _135_/X (sky130_fd_sc_hd__maj3_2)
                                         _052_ (net)
                  0.07    0.00    9.15 v _138_/C (sky130_fd_sc_hd__maj3_2)
     2    0.01    0.06    0.33    9.48 v _138_/X (sky130_fd_sc_hd__maj3_2)
                                         _054_ (net)
                  0.06    0.00    9.48 v _141_/C (sky130_fd_sc_hd__maj3_2)
     1    0.01    0.07    0.33    9.81 v _141_/X (sky130_fd_sc_hd__maj3_2)
                                         _056_ (net)
                  0.07    0.00    9.81 v _143_/A (sky130_fd_sc_hd__xnor2_2)
     1    0.02    0.23    0.25   10.06 ^ _143_/Y (sky130_fd_sc_hd__xnor2_2)
                                         alu_out[31] (net)
                  0.23    0.00   10.06 ^ alu_out[31] (out)
                                 10.06   data arrival time

                  0.00   10.00   10.00   clock vclk (rise edge)
                          0.00   10.00   clock network delay (ideal)
                          0.00   10.00   clock reconvergence pessimism
                          0.00   10.00   output external delay
                                 10.00   data required time
-----------------------------------------------------------------------------
                                 10.00   data required time
                                -10.06   data arrival time
-----------------------------------------------------------------------------
                                 -0.06   slack (VIOLATED)



==========================================================================
finish report_check_types -max_slew -max_cap -max_fanout -violators
--------------------------------------------------------------------------

==========================================================================
finish max_slew_check_slack
--------------------------------------------------------------------------
1.0673404932022095

==========================================================================
finish max_slew_check_limit
--------------------------------------------------------------------------
1.4892979860305786

==========================================================================
finish max_slew_check_slack_limit
--------------------------------------------------------------------------
0.7167

==========================================================================
finish max_fanout_check_slack
--------------------------------------------------------------------------
1.0000000150474662e+30

==========================================================================
finish max_fanout_check_limit
--------------------------------------------------------------------------
1.0000000150474662e+30

==========================================================================
finish max_capacitance_check_slack
--------------------------------------------------------------------------
0.05138906091451645

==========================================================================
finish max_capacitance_check_limit
--------------------------------------------------------------------------
0.0695900022983551

==========================================================================
finish max_capacitance_check_slack_limit
--------------------------------------------------------------------------
0.7385

==========================================================================
finish max_slew_violation_count
--------------------------------------------------------------------------
max slew violation count 0

==========================================================================
finish max_fanout_violation_count
--------------------------------------------------------------------------
max fanout violation count 0

==========================================================================
finish max_cap_violation_count
--------------------------------------------------------------------------
max cap violation count 0

==========================================================================
finish setup_violation_count
--------------------------------------------------------------------------
setup violation count 1

==========================================================================
finish hold_violation_count
--------------------------------------------------------------------------
hold violation count 0

==========================================================================
finish critical path delay
--------------------------------------------------------------------------
10.0593

==========================================================================
finish critical path slack
--------------------------------------------------------------------------
-0.0593

==========================================================================
finish slack div critical path delay
--------------------------------------------------------------------------
-0.589504

==========================================================================
finish report_power
--------------------------------------------------------------------------
Group                  Internal  Switching    Leakage      Total
                          Power      Power      Power      Power (Watts)
----------------------------------------------------------------
Sequential             0.00e+00   0.00e+00   0.00e+00   0.00e+00   0.0%
Combinational          4.40e-05   4.91e-05   3.20e-10   9.31e-05 100.0%
Clock                  0.00e+00   0.00e+00   0.00e+00   0.00e+00   0.0%
Macro                  0.00e+00   0.00e+00   0.00e+00   0.00e+00   0.0%
Pad                    0.00e+00   0.00e+00   0.00e+00   0.00e+00   0.0%
----------------------------------------------------------------
Total                  4.40e-05   4.91e-05   3.20e-10   9.31e-05 100.0%
                          47.3%      52.7%       0.0%
