Netgen 1.5.133 compiled on Thu Dec  1 22:32:11 UTC 2022
Warning: netgen command 'global' use fully-qualified name '::netgen::global'
Call to undefined subcircuit sky130_fd_pr__nfet_01v8
Creating placeholder cell definition.
Call to undefined subcircuit sky130_fd_pr__pfet_01v8_hvt
Creating placeholder cell definition.
Warning:  A case-insensitive file has been read and so the	verilog file must be treated case-insensitive to match.
Creating placeholder cell definition for module sky130_fd_sc_hd__fill_4.
Creating placeholder cell definition for module sky130_fd_sc_hd__fill_8.
Creating placeholder cell definition for module sky130_fd_sc_hd__fill_1.
Creating placeholder cell definition for module sky130_fd_sc_hd__fill_2.
Creating placeholder cell definition for module sky130_fd_sc_hd__tapvpwrvgnd_1.
Creating placeholder cell definition for module sky130_fd_sc_hd__xnor2_1.
Creating placeholder cell definition for module sky130_fd_sc_hd__nand2_1.
Creating placeholder cell definition for module sky130_fd_sc_hd__nor2_2.
Creating placeholder cell definition for module sky130_fd_sc_hd__lpflow_isobufsrc_1.
Creating placeholder cell definition for module sky130_fd_sc_hd__o21ai_1.
Creating placeholder cell definition for module sky130_fd_sc_hd__maj3_2.
Creating placeholder cell definition for module sky130_fd_sc_hd__xnor2_2.
Creating placeholder cell definition for module sky130_fd_sc_hd__xor2_1.
Creating placeholder cell definition for module sky130_fd_sc_hd__buf_4.
POLARI_LVS_IGNORED sky130_fd_sc_hd__fill_1
POLARI_LVS_IGNORED sky130_fd_sc_hd__fill_2
POLARI_LVS_IGNORED sky130_fd_sc_hd__fill_4
POLARI_LVS_IGNORED sky130_fd_sc_hd__fill_8
POLARI_LVS_IGNORED sky130_fd_sc_hd__tapvpwrvgnd_1
POLARI_LVS_IGNORED sky130_ef_sc_hd__decap_12
POLARI_LVS_IGNORED sky130_fd_sc_hd__decap_3
POLARI_LVS_IGNORED sky130_fd_sc_hd__decap_4
POLARI_LVS_IGNORED sky130_fd_sc_hd__decap_6
POLARI_LVS_IGNORED sky130_fd_sc_hd__decap_8
POLARI_LVS_IGNORED sky130_fd_sc_hd__decap_12
Treating empty subcircuits as black-box cells
Reading setup file /pdk/sky130A/libs.tech/netgen/sky130A_setup.tcl
Model sky130_fd_pr__nfet_01v8 pin 1 == 3
No property mult found for device sky130_fd_pr__nfet_01v8
No property sa found for device sky130_fd_pr__nfet_01v8
No property sb found for device sky130_fd_pr__nfet_01v8
No property sd found for device sky130_fd_pr__nfet_01v8
No property nf found for device sky130_fd_pr__nfet_01v8
No property nrd found for device sky130_fd_pr__nfet_01v8
No property nrs found for device sky130_fd_pr__nfet_01v8
No property area found for device sky130_fd_pr__nfet_01v8
No property perim found for device sky130_fd_pr__nfet_01v8
No property topography found for device sky130_fd_pr__nfet_01v8
Model sky130_fd_pr__pfet_01v8_hvt pin 1 == 3
No property mult found for device sky130_fd_pr__pfet_01v8_hvt
No property sa found for device sky130_fd_pr__pfet_01v8_hvt
No property sb found for device sky130_fd_pr__pfet_01v8_hvt
No property sd found for device sky130_fd_pr__pfet_01v8_hvt
No property nf found for device sky130_fd_pr__pfet_01v8_hvt
No property nrd found for device sky130_fd_pr__pfet_01v8_hvt
No property nrs found for device sky130_fd_pr__pfet_01v8_hvt
No property area found for device sky130_fd_pr__pfet_01v8_hvt
No property perim found for device sky130_fd_pr__pfet_01v8_hvt
No property topography found for device sky130_fd_pr__pfet_01v8_hvt
Comparison output logged to file lvs.out
Logging to file "lvs.out" enabled
Contents of circuit 1:  Circuit: 'sky130_fd_sc_hd__maj3_2'
Circuit sky130_fd_sc_hd__maj3_2 contains 16 device instances.
  Class: sky130_fd_pr__nfet_01v8 instances:   8
  Class: sky130_fd_pr__pfet_01v8_hvt instances:   8
Circuit contains 15 nets.
Contents of circuit 2:  Circuit: 'sky130_fd_sc_hd__maj3_2'
Circuit sky130_fd_sc_hd__maj3_2 contains 0 device instances.
Circuit contains 0 nets, and 8 disconnected pins.

Circuit sky130_fd_sc_hd__maj3_2 contains no devices.
Contents of circuit 1:  Circuit: 'sky130_fd_sc_hd__xnor2_1'
Circuit sky130_fd_sc_hd__xnor2_1 contains 10 device instances.
  Class: sky130_fd_pr__nfet_01v8 instances:   5
  Class: sky130_fd_pr__pfet_01v8_hvt instances:   5
Circuit contains 11 nets.
Contents of circuit 2:  Circuit: 'sky130_fd_sc_hd__xnor2_1'
Circuit sky130_fd_sc_hd__xnor2_1 contains 0 device instances.
Circuit contains 0 nets, and 7 disconnected pins.

Circuit sky130_fd_sc_hd__xnor2_1 contains no devices.
Contents of circuit 1:  Circuit: 'sky130_fd_sc_hd__buf_4'
Circuit sky130_fd_sc_hd__buf_4 contains 10 device instances.
  Class: sky130_fd_pr__nfet_01v8 instances:   5
  Class: sky130_fd_pr__pfet_01v8_hvt instances:   5
Circuit contains 7 nets.
Contents of circuit 2:  Circuit: 'sky130_fd_sc_hd__buf_4'
Circuit sky130_fd_sc_hd__buf_4 contains 0 device instances.
Circuit contains 0 nets, and 6 disconnected pins.

Circuit sky130_fd_sc_hd__buf_4 contains no devices.
Contents of circuit 1:  Circuit: 'sky130_fd_sc_hd__o21ai_1'
Circuit sky130_fd_sc_hd__o21ai_1 contains 6 device instances.
  Class: sky130_fd_pr__nfet_01v8 instances:   3
  Class: sky130_fd_pr__pfet_01v8_hvt instances:   3
Circuit contains 10 nets.
Contents of circuit 2:  Circuit: 'sky130_fd_sc_hd__o21ai_1'
Circuit sky130_fd_sc_hd__o21ai_1 contains 0 device instances.
Circuit contains 0 nets, and 8 disconnected pins.

Circuit sky130_fd_sc_hd__o21ai_1 contains no devices.
Contents of circuit 1:  Circuit: 'sky130_fd_sc_hd__lpflow_isobufsrc_1'
Circuit sky130_fd_sc_hd__lpflow_isobufsrc_1 contains 6 device instances.
  Class: sky130_fd_pr__nfet_01v8 instances:   3
  Class: sky130_fd_pr__pfet_01v8_hvt instances:   3
Circuit contains 9 nets.
Contents of circuit 2:  Circuit: 'sky130_fd_sc_hd__lpflow_isobufsrc_1'
Circuit sky130_fd_sc_hd__lpflow_isobufsrc_1 contains 0 device instances.
Circuit contains 0 nets, and 7 disconnected pins.

Circuit sky130_fd_sc_hd__lpflow_isobufsrc_1 contains no devices.
Contents of circuit 1:  Circuit: 'sky130_fd_sc_hd__nor2_2'
Circuit sky130_fd_sc_hd__nor2_2 contains 8 device instances.
  Class: sky130_fd_pr__nfet_01v8 instances:   4
  Class: sky130_fd_pr__pfet_01v8_hvt instances:   4
Circuit contains 8 nets.
Contents of circuit 2:  Circuit: 'sky130_fd_sc_hd__nor2_2'
Circuit sky130_fd_sc_hd__nor2_2 contains 0 device instances.
Circuit contains 0 nets, and 7 disconnected pins.

Circuit sky130_fd_sc_hd__nor2_2 contains no devices.
Contents of circuit 1:  Circuit: 'sky130_fd_sc_hd__xnor2_2'
Circuit sky130_fd_sc_hd__xnor2_2 contains 20 device instances.
  Class: sky130_fd_pr__nfet_01v8 instances:  10
  Class: sky130_fd_pr__pfet_01v8_hvt instances:  10
Circuit contains 11 nets.
Contents of circuit 2:  Circuit: 'sky130_fd_sc_hd__xnor2_2'
Circuit sky130_fd_sc_hd__xnor2_2 contains 0 device instances.
Circuit contains 0 nets, and 7 disconnected pins.

Circuit sky130_fd_sc_hd__xnor2_2 contains no devices.
Contents of circuit 1:  Circuit: 'sky130_fd_sc_hd__nand2_1'
Circuit sky130_fd_sc_hd__nand2_1 contains 4 device instances.
  Class: sky130_fd_pr__nfet_01v8 instances:   2
  Class: sky130_fd_pr__pfet_01v8_hvt instances:   2
Circuit contains 8 nets.
Contents of circuit 2:  Circuit: 'sky130_fd_sc_hd__nand2_1'
Circuit sky130_fd_sc_hd__nand2_1 contains 0 device instances.
Circuit contains 0 nets, and 7 disconnected pins.

Circuit sky130_fd_sc_hd__nand2_1 contains no devices.
Contents of circuit 1:  Circuit: 'sky130_fd_sc_hd__xor2_1'
Circuit sky130_fd_sc_hd__xor2_1 contains 10 device instances.
  Class: sky130_fd_pr__nfet_01v8 instances:   5
  Class: sky130_fd_pr__pfet_01v8_hvt instances:   5
Circuit contains 11 nets.
Contents of circuit 2:  Circuit: 'sky130_fd_sc_hd__xor2_1'
Circuit sky130_fd_sc_hd__xor2_1 contains 0 device instances.
Circuit contains 0 nets, and 7 disconnected pins.

Circuit sky130_fd_sc_hd__xor2_1 contains no devices.
Contents of circuit 1:  Circuit: 'rv32_add'
Circuit rv32_add contains 113 device instances.
  Class: sky130_fd_sc_hd__buf_4 instances:  17
  Class: sky130_fd_sc_hd__xor2_1 instances:   1
  Class: sky130_fd_sc_hd__maj3_2 instances:  29
  Class: sky130_fd_sc_hd__nand2_1 instances:   2
  Class: sky130_fd_sc_hd__xnor2_1 instances:  60
  Class: sky130_fd_sc_hd__xnor2_2 instances:   1
  Class: sky130_fd_sc_hd__lpflow_isobufsrc_1 instances:   1
  Class: sky130_fd_sc_hd__o21ai_1 instances:   1
  Class: sky130_fd_sc_hd__nor2_2 instances:   1
Circuit contains 179 nets.
Contents of circuit 2:  Circuit: 'rv32_add'
Circuit rv32_add contains 113 device instances.
  Class: sky130_fd_sc_hd__buf_4 instances:  17
  Class: sky130_fd_sc_hd__xor2_1 instances:   1
  Class: sky130_fd_sc_hd__maj3_2 instances:  29
  Class: sky130_fd_sc_hd__nand2_1 instances:   2
  Class: sky130_fd_sc_hd__xnor2_1 instances:  60
  Class: sky130_fd_sc_hd__xnor2_2 instances:   1
  Class: sky130_fd_sc_hd__lpflow_isobufsrc_1 instances:   1
  Class: sky130_fd_sc_hd__o21ai_1 instances:   1
  Class: sky130_fd_sc_hd__nor2_2 instances:   1
Circuit contains 179 nets.

Circuit 1 contains 113 devices, Circuit 2 contains 113 devices.
Circuit 1 contains 179 nets,    Circuit 2 contains 179 nets.

Netlists match uniquely.
Result: Circuits match uniquely.
Logging to file "lvs.out" disabled
LVS Done.
