OpenSTA 3.1.0 6be0b1d7da Copyright (c) 2026, Parallax Software, Inc.
License GPLv3: GNU GPL version 3 <http://gnu.org/licenses/gpl.html>

This is free software, and you are free to change and redistribute it
under certain conditions; type `show_copying' for details. 
This program comes with ABSOLUTELY NO WARRANTY; for details type `show_warranty'.
Startpoint: reg_op2[1] (input port)
Endpoint: alu_out[31] (output port)
Path Group: unconstrained
Path Type: max

      Cap      Slew     Delay      Time   Description
-------------------------------------------------------------------------------
                       0.0000    0.0000 v input external delay
   0.0312    1.0178    0.0000    0.0000 v reg_op2[1] (in)
             1.0178    0.0000    0.0000 v _146_/B (NOR2X1)
   0.0104    0.8271    0.7863    0.7863 ^ _146_/Y (NOR2X1)
             0.8271    0.0000    0.7863 ^ _148_/B (OAI21X1)
   0.0208    1.4693    1.2239    2.0102 v _148_/Y (OAI21X1)
             1.4693    0.0000    2.0102 v _149_/B (AOI21X1)
   0.0208    1.5528    1.3895    3.3997 ^ _149_/Y (AOI21X1)
             1.5528    0.0000    3.3997 ^ _151_/A (OAI21X1)
   0.0208    1.5282    1.2822    4.6818 v _151_/Y (OAI21X1)
             1.5282    0.0000    4.6818 v _152_/B (AOI21X1)
   0.0208    1.5632    1.4038    6.0857 ^ _152_/Y (AOI21X1)
             1.5632    0.0000    6.0857 ^ _155_/A (OAI21X1)
   0.0208    1.4693    1.2844    7.3701 v _155_/Y (OAI21X1)
             1.4693    0.0000    7.3701 v _156_/B (AOI21X1)
   0.0208    1.5528    1.3895    8.7596 ^ _156_/Y (AOI21X1)
             1.5528    0.0000    8.7596 ^ _157_/B (OAI21X1)
   0.0208    1.5675    1.4098   10.1694 v _157_/Y (OAI21X1)
             1.5675    0.0000   10.1694 v _159_/A (AOI21X1)
   0.0208    1.5282    1.2853   11.4547 ^ _159_/Y (AOI21X1)
             1.5282    0.0000   11.4547 ^ _160_/B (OAI21X1)
   0.0208    1.5632    1.4038   12.8585 v _160_/Y (OAI21X1)
             1.5632    0.0000   12.8585 v _161_/B (AOI21X1)
   0.0208    1.5694    1.4123   14.2709 ^ _161_/Y (AOI21X1)
             1.5694    0.0000   14.2709 ^ _162_/B (OAI21X1)
   0.0208    1.5704    1.4138   15.6847 v _162_/Y (OAI21X1)
             1.5704    0.0000   15.6847 v _164_/A (AOI21X1)
   0.0208    1.5282    1.2860   16.9707 ^ _164_/Y (AOI21X1)
             1.5282    0.0000   16.9707 ^ _169_/A (OAI21X1)
   0.0208    1.4693    1.2769   18.2476 v _169_/Y (OAI21X1)
             1.4693    0.0000   18.2476 v _174_/A (AOI21X1)
   0.0208    1.5282    1.2642   19.5118 ^ _174_/Y (AOI21X1)
             1.5282    0.0000   19.5118 ^ _179_/A (OAI21X1)
   0.0208    1.4693    1.2769   20.7886 v _179_/Y (OAI21X1)
             1.4693    0.0000   20.7886 v _184_/A (AOI21X1)
   0.0208    1.5282    1.2642   22.0528 ^ _184_/Y (AOI21X1)
             1.5282    0.0000   22.0528 ^ _189_/A (OAI21X1)
   0.0208    1.4693    1.2769   23.3297 v _189_/Y (OAI21X1)
             1.4693    0.0000   23.3297 v _194_/A (AOI21X1)
   0.0208    1.5282    1.2642   24.5939 ^ _194_/Y (AOI21X1)
             1.5282    0.0000   24.5939 ^ _199_/A (OAI21X1)
   0.0208    1.4693    1.2769   25.8708 v _199_/Y (OAI21X1)
             1.4693    0.0000   25.8708 v _204_/A (AOI21X1)
   0.0208    1.5282    1.2642   27.1350 ^ _204_/Y (AOI21X1)
             1.5282    0.0000   27.1350 ^ _209_/A (OAI21X1)
   0.0208    1.4693    1.2769   28.4119 v _209_/Y (OAI21X1)
             1.4693    0.0000   28.4119 v _214_/A (AOI21X1)
   0.0208    1.5282    1.2642   29.6761 ^ _214_/Y (AOI21X1)
             1.5282    0.0000   29.6761 ^ _219_/A (OAI21X1)
   0.0208    1.4693    1.2769   30.9530 v _219_/Y (OAI21X1)
             1.4693    0.0000   30.9530 v _224_/A (AOI21X1)
   0.0208    1.5282    1.2642   32.2172 ^ _224_/Y (AOI21X1)
             1.5282    0.0000   32.2172 ^ _229_/A (OAI21X1)
   0.0208    1.4693    1.2769   33.4941 v _229_/Y (OAI21X1)
             1.4693    0.0000   33.4941 v _234_/A (AOI21X1)
   0.0208    1.5282    1.2642   34.7583 ^ _234_/Y (AOI21X1)
             1.5282    0.0000   34.7583 ^ _239_/A (OAI21X1)
   0.0208    1.4693    1.2769   36.0352 v _239_/Y (OAI21X1)
             1.4693    0.0000   36.0352 v _244_/A (AOI21X1)
   0.0208    1.5282    1.2642   37.2994 ^ _244_/Y (AOI21X1)
             1.5282    0.0000   37.2994 ^ _248_/A (OAI21X1)
   0.0208    1.5282    1.2769   38.5762 v _248_/Y (OAI21X1)
             1.5282    0.0000   38.5762 v _253_/A (AOI21X1)
   0.0104    1.0137    0.8793   39.4556 ^ _253_/Y (AOI21X1)
             1.0137    0.0000   39.4556 ^ _255_/A (XNOR2X1)
   0.0417    2.5750    1.8718   41.3273 v _255_/Y (XNOR2X1)
             2.5750    0.0000   41.3273 v alu_out[31] (out)
                                41.3273   data arrival time
-------------------------------------------------------------------------------
(Path is unconstrained)


Startpoint: reg_op1[0] (input port)
Endpoint: alu_out[0] (output port)
Path Group: unconstrained
Path Type: min

    Delay      Time   Description
-------------------------------------------------------------
   0.0000    0.0000 v input external delay
   0.0000    0.0000 v reg_op1[0] (in)
   1.5643    1.5643 v _256_/Y (XOR2X1)
   0.0000    1.5643 v alu_out[0] (out)
             1.5643   data arrival time
-------------------------------------------------------------
(Path is unconstrained)


